[2021-12-24T08:18:14.369854+00:00] name.INFO: Zugriff auf Hauptseite ohne Anmeldung/Registrierung [] []
[2021-12-24T08:18:22.910271+00:00] name.WARNING: failed login ["hi@hi.de"] []
[2021-12-24T08:18:28.651584+00:00] name.INFO: login ["hi@hi.de"] []
[2021-12-24T08:18:28.738009+00:00] name.INFO: Zugriff auf Hauptseite ["hi@hi.de"] []
[2021-12-24T08:18:34.985553+00:00] name.INFO: logout ["hi@hi.de"] []
[2021-12-24T08:18:35.015256+00:00] name.INFO: Zugriff auf Hauptseite ohne Anmeldung/Registrierung [] []
[2021-12-24T08:18:54.810244+00:00] name.INFO: sucessfull register ["Mustermann@test.de"] []
[2021-12-24T08:18:54.821907+00:00] name.INFO: Zugriff auf Hauptseite ["Mustermann@test.de"] []
[2021-12-24T08:19:00.779836+00:00] name.INFO: logout ["Mustermann@test.de"] []
[2021-12-24T08:19:00.790844+00:00] name.INFO: Zugriff auf Hauptseite ohne Anmeldung/Registrierung [] []
[2021-12-25T18:44:27.822469+00:00] name.INFO: Zugriff auf Hauptseite ohne Anmeldung/Registrierung [] []
[2021-12-25T18:59:09.300704+00:00] name.INFO: Zugriff auf Hauptseite ohne Anmeldung/Registrierung [] []
[2021-12-25T19:02:04.215152+00:00] name.INFO: Zugriff auf Hauptseite ohne Anmeldung/Registrierung [] []
[2021-12-25T19:02:13.805821+00:00] name.INFO: Zugriff auf Hauptseite ohne Anmeldung/Registrierung [] []
[2021-12-25T19:02:15.751594+00:00] name.INFO: Zugriff auf Hauptseite ohne Anmeldung/Registrierung [] []
[2021-12-25T19:22:58.582912+00:00] name.INFO: Zugriff auf Hauptseite ohne Anmeldung/Registrierung [] []
[2021-12-25T19:25:42.552964+00:00] name.WARNING: failed login [""] []
[2021-12-25T19:26:06.103327+00:00] name.WARNING: failed login ["htrehtr@noirr.de"] []
[2021-12-25T19:26:11.690011+00:00] name.WARNING: failed login ["werwe@enowifn.de"] []
[2021-12-25T19:26:18.236138+00:00] name.WARNING: failed login ["hi@hi.de"] []
[2021-12-25T19:26:21.710102+00:00] name.WARNING: failed login ["hi@hi.d"] []
[2021-12-25T19:26:25.338061+00:00] name.WARNING: failed login ["hi@hi.de"] []
[2021-12-25T19:26:29.845323+00:00] name.WARNING: failed login ["hi@hi.de"] []
[2021-12-25T19:27:40.536157+00:00] name.INFO: Zugriff auf Hauptseite ohne Anmeldung/Registrierung [] []
[2021-12-25T19:36:22.204918+00:00] name.INFO: Zugriff auf Hauptseite ohne Anmeldung/Registrierung [] []
[2021-12-25T19:36:29.257986+00:00] name.WARNING: failed registration [""] []
[2021-12-25T20:01:46.033119+00:00] name.INFO: Zugriff auf Hauptseite ohne Anmeldung/Registrierung [] []
[2021-12-25T20:02:05.514046+00:00] name.INFO: Zugriff auf Hauptseite ohne Anmeldung/Registrierung [] []
[2021-12-25T20:02:59.057912+00:00] name.INFO: Zugriff auf Hauptseite ohne Anmeldung/Registrierung [] []
[2021-12-25T20:18:21.621173+00:00] name.INFO: Zugriff auf Hauptseite ohne Anmeldung/Registrierung [] []
[2021-12-25T20:20:37.604073+00:00] name.INFO: Zugriff auf Hauptseite ohne Anmeldung/Registrierung [] []
[2021-12-25T20:21:50.532041+00:00] name.WARNING: failed login [""] []
[2021-12-25T20:22:16.937507+00:00] name.WARNING: failed login [""] []
[2021-12-25T20:24:07.599405+00:00] name.INFO: Zugriff auf Hauptseite ohne Anmeldung/Registrierung [] []
[2021-12-25T20:24:27.943059+00:00] name.INFO: sucessfull register ["new@user.com"] []
[2021-12-25T20:24:27.953898+00:00] name.INFO: Zugriff auf Hauptseite ["new@user.com"] []
[2021-12-25T20:26:12.035823+00:00] name.INFO: Zugriff auf Hauptseite ["new@user.com"] []
[2021-12-25T20:26:13.109421+00:00] name.INFO: logout ["new@user.com"] []
[2021-12-25T20:26:13.121076+00:00] name.INFO: Zugriff auf Hauptseite ohne Anmeldung/Registrierung [] []
[2021-12-25T20:26:15.333469+00:00] name.INFO: Zugriff auf Hauptseite ohne Anmeldung/Registrierung [] []
[2021-12-25T20:26:17.293579+00:00] name.INFO: Zugriff auf Hauptseite ohne Anmeldung/Registrierung [] []
[2021-12-25T20:26:25.874797+00:00] name.INFO: Zugriff auf Hauptseite ohne Anmeldung/Registrierung [] []
[2021-12-25T20:26:27.111569+00:00] name.INFO: Zugriff auf Hauptseite ohne Anmeldung/Registrierung [] []
[2021-12-25T20:35:12.028490+00:00] name.INFO: Zugriff auf Hauptseite ohne Anmeldung/Registrierung [] []
[2021-12-25T20:35:28.346625+00:00] name.WARNING: failed login ["new@user.com"] []
[2021-12-25T20:35:43.394892+00:00] name.INFO: login ["new@user.com"] []
[2021-12-25T20:35:43.456045+00:00] name.INFO: Zugriff auf Hauptseite ["new@user.com"] []
